---
source: crates/pessimistic-proof-test-suite/tests/cycle-tracker.rs
expression: stats
---
opcode counts (1304864 total instructions):
    323017 add
    226813 sw
    197742 lw
    115796 lbu
     86032 sb
     50078 xor
     49723 bne
     44858 beq
     36645 bltu
     30280 jalr
     22459 and
     17037 sltu
     15883 or
     15793 auipc
     14230 srl
     14069 sub
     13834 sll
      9984 jal
      7973 lb
      3771 sra
      2827 mul
      2105 mulhu
      1841 bgeu
      1376 ecall
       657 sh
        17 lh
        16 lhu
         5 blt
         2 bge
         1 divu
syscall counts (1376 total syscall instructions):
    586 keccak_permute
    512 secp256k1_double
    249 secp256k1_add
      8 commit
      8 commit_deferred_proofs
      5 hint_len
      5 hint_read
      2 write
      1 halt
