---
source: crates/agglayer-node/src/rpc/tests/get_latest_known_certificate_header.rs
expression: json
---
{
  "id": 0,
  "jsonrpc": "2.0",
  "result": {
    "certificate_id": "0xa68dc90fbf6055e0c747b63410172bb615b973ae65ec3bba93197f0282ef37e6",
    "certificate_index": null,
    "epoch_number": null,
    "height": 0,
    "metadata": "0x0000000000000000000000000000000000000000000000000000000000000000",
    "network_id": 1,
    "new_local_exit_root": "0x0101010101010101010101010101010101010101010101010101010101010101",
    "prev_local_exit_root": "0x0000000000000000000000000000000000000000000000000000000000000000",
    "status": "Settled"
  }
}
