---
source: crates/agglayer-grpc-types/src/compat/v1/tests.rs
expression: error
---
value: invalid value
