---
source: crates/agglayer-grpc-types/src/compat/v1/tests.rs
expression: error
---
failed to serialize proof
