---
source: crates/agglayer-grpc-types/src/compat/v1/tests.rs
expression: "format!(\"{:?}\", anyhow::Error::from(error))"
---
failed to serialize proof

Caused by:
    failed
