---
source: crates/agglayer-storage/src/types/certificate/tests/status.rs
expression: bytes
snapshot_kind: text
---
0x00000003000000040000000000000008696e7465726e616c
