---
source: crates/agglayer-storage/src/types/certificate/tests/status.rs
expression: bytes
snapshot_kind: text
---
0x0000000300000001000000000000000000000002766d
