---
source: crates/agglayer-storage/src/types/certificate/tests/status.rs
expression: bytes
snapshot_kind: text
---
0x000000030000000100000004000000000000000767726f74683136
