---
source: crates/agglayer-storage/src/types/certificate/tests/mod.rs
expression: bytes
snapshot_kind: text
---
0x0000003700000000000003db01010101010101010101010101010101010101010101010101010101010101016767676767676767676767676767676767676767676767676767676767676767000000000000000000000000000000000000000000000020787878787878787878787878787878787878787878787878787878787878787800000000000000209a9a9a9a9a9a9a9a9a9a9a9a9a9a9a9a9a9a9a9a9a9a9a9a9a9a9a9a9a9a9a9a00a5a5a5a5a5a5a5a5a5a5a5a5a5a5a5a5a5a5a5a5a5a5a5a5a5a5a5a5a5a5a5a5
