---
source: crates/agglayer-storage/src/types/certificate/tests/mod.rs
expression: bytes
snapshot_kind: text
---
0x00000002000000000000000000000000000000000000000000000000000000000000000000000000000000000143421305623730095048800168872402096980078569670187537634cc321d435ea2e421d87e97032424500e489aa01a61b9bb6da39f75000000000000000000000000000000000000000000000000000000000000000000000000000000000000000000000000000000000000000000000000000000000000000000000000000000000000000000000000000000000000000000000000000000000000000000000000000000000000000000000000000000000000000000000000000000000000000000000000000000000000000000000000000000000000000000000000000000000000000000000000523cf1e0096e2d902927946e633ab8ac50ff1a805b62a642220893c33a5680db002015042bef52c006dd64c800308ec805f273b7341b15a036fc3ebf56e5a594077c514b0f6ebea522830a240e8a7e8648dc416e3a2b987367eb006d0000000000000002000000000000000750726f6772616d000000000000001300000001000000000000000e0000000000080000000000000000000442797465000000000000001000000001000000000000000b00000000000100000000000000000002000000000000000750726f6772616d000000000000000000000000000000044279746500000000000000010000000000000005312e322e3358585858585858585858585858585858585858585858585858585858585858580000000000000020787878787878787878787878787878787878787878787878787878787878787800000000000000209a9a9a9a9a9a9a9a9a9a9a9a9a9a9a9a9a9a9a9a9a9a9a9a9a9a9a9a9a9a9a9a00
