---
source: crates/agglayer-storage/src/types/certificate/tests/status.rs
expression: bytes
snapshot_kind: text
---
0x0000000300000000000000010000000744444444444444444444444444444444444444444444444444444444444444445555555555555555555555555555555555555555555555555555555555555555
