---
source: crates/agglayer-storage/src/columns/proof_per_certificate/tests.rs
expression: "hex::encode(proof.bytes())"
---
54bdcae32e0bdbbe5b39fc2bbfcb6d3439b1b248667158a0bf9b17bd65f3afed25a696990b932a913ad2945715b681036317daaf5f64b22aef7bdc94ad634b6d271fd345153d91898e3a6f996ef7b091ff94c8db64b49845979a601b9d06668783e3a4bb26d8425d738eb09a9d2f5a52297e17c4ced2df415fb7816199354cf39e65b17d1bedaa9bb41563bdd03e68be9dc8bee0ed669e0b91dccea1a5d14f8dcfc1ba3212f71bd5b96690645e753705043f88d5237c6abc448cdb7c6a1ab50346d1f1b5276bb3dafdb6b084d56f37b4cd58e2bb8d5bd195fc8bc27b9935a548f73225761e9fc4812fc0b27dd127be7ed1584293d733e228fc979d7d1fba9b41faf18dae1f2873c7d9cda2b04f6a7b62bbb46dd27eb4b209a1188ed2ad1cba7cd53b11f4127b8fee4cc3b141efaff958d3db771d698721fd3de82636d5123acec3d9ed580673b4989dd5f5481b0773ab22092fb5ef0b01e4fed4186be3e73fbf26a0dd5b07b4b7e0ea43a285e8a779c438e948b83ddc21c2c29c10cacf0b167ea6a41b06076e893b888a30440d5e07f57a8d07998961ac20611959836acc1865f3ad2d390eee9127057b90c5f3f0c209964128c4f4d863205391b8c1e25ce59389db684b1352e86a7c729a3d71dcf86b59d58bb8286f5c4dd28aa2f9c83f60fc4647d101266e632d292c0c357935f4526b83c731962fc2e8b099ce0f55f002f8c6b143f02d7d6a12d823d837f379c6aa88a764f5a80f72e0442dba39bfbd809d821063dd20bac1717d5dc66c56123d4956ccbaae47dc97ad428e0891863d29f4e5be47b42821dcf8e5f7f338f799f87babac7d3c6d236659931f5ea8069b43ed48b99de2242c0e5da4066c29567e26d1a231f4c973e1e066cd3bbe143a03800ba245d6e7001bbcdba4b27ceb069f3de8740b8500b9708513f6533808809c0a17af4c9181281ab251d273228b36beb853ee1ecfb051750768ae542a411ffde88dfc1361f3203325709a5b132df738086ea9cfa32a3838d45389d124f6777cb492b271f3fd1ebf26f56fb87ab5b30dcb9a7b5964ac088c32df5aebb426dce0d636c2b2d55513c02a4c5fc7ed013eeb66feb902ae2587312dec5874f98b69c53a64b15faf2f1c7e317b0fac6cf3b138f9eabaeda19c7af6fb9c64606ddb982cf278ff47be57115adc1a64640249bc26a61f2de19d4dcacfb3b168f5ab297608f4852fcdf257
