---
source: crates/agglayer-node/src/rpc/tests/errors.rs
expression: "SignatureMismatch { detail: \"contract error: Contract was not deployed\" }"
---
{
  "code": -10002,
  "data": {
    "signature-mismatch": {
      "detail": "contract error: Contract was not deployed"
    }
  },
  "message": "Rollup signature verification failed"
}
