---
source: crates/agglayer-node/src/rpc/tests/get_latest_known_certificate_header.rs
expression: json
---
{
  "id": 0,
  "jsonrpc": "2.0",
  "result": {
    "certificate_id": "0x27f7cd6de267ce4afa6243ffa8e5dfe02be311084becd1d64c6a36b552460154",
    "certificate_index": null,
    "epoch_number": null,
    "height": 0,
    "metadata": "0x0000000000000000000000000000000000000000000000000000000000000000",
    "network_id": 1,
    "new_local_exit_root": "0x27ae5ba08d7291c96c8cbddcc148bf48a6d68c7974b94356f53754ef6171d757",
    "prev_local_exit_root": "0x27ae5ba08d7291c96c8cbddcc148bf48a6d68c7974b94356f53754ef6171d757",
    "settlement_tx_hash": null,
    "status": "Settled"
  }
}
